[array([0, 1]), array([2, 3]), array([4, 5]), array([6])]
my rank is 0:
0
1
[0. 1.]
[array([0, 1]), array([2, 3]), array([4, 5]), array([6])]
my rank is 0:
0
1
[0. 1.]
[array([0, 1]), array([2, 3]), array([4, 5]), array([6])]
my rank is 0:
0
1
[0. 1.]
[array([0, 1]), array([2, 3]), array([4, 5]), array([6])]
my rank is 0:
0
1
[0. 1.]
